Script started on 2022-03-16 08:06:41+01:00 [TERM="xterm-256color" TTY="/dev/pts/0" COLUMNS="80" LINES="24"]
]0;eduardo@eduardo-VirtualBox: ~/prpa[01;32meduardo@eduardo-VirtualBox[00m:[01;34m~/prpa[00m$ gi [Kt v[Kclone git@github.com:edugarza/monitor-filosofos.git
Cloning into 'monitor-filosofos'...
remote: Enumerating objects: 5, done.[K
remote: Counting objects:  20% (1/5)[Kremote: Counting objects:  40% (2/5)[Kremote: Counting objects:  60% (3/5)[Kremote: Counting objects:  80% (4/5)[Kremote: Counting objects: 100% (5/5)[Kremote: Counting objects: 100% (5/5), done.[K
remote: Compressing objects:  25% (1/4)[Kremote: Compressing objects:  50% (2/4)[Kremote: Compressing objects:  75% (3/4)[Kremote: Compressing objects: 100% (4/4)[Kremote: Compressing objects: 100% (4/4), done.[K
remote: Total 5 (delta 0), reused 0 (delta 0), pack-reused 0[K
Receiving objects:  20% (1/5)Receiving objects:  40% (2/5)Receiving objects:  60% (3/5)Receiving objects:  80% (4/5)Receiving objects: 100% (5/5)Receiving objects: 100% (5/5), 13.46 KiB | 2.69 MiB/s, done.
]0;eduardo@eduardo-VirtualBox: ~/prpa[01;32meduardo@eduardo-VirtualBox[00m:[01;34m~/prpa[00m$ cp filosofos/monitor[K[K[K[K[K[Konitor.py monitor
monitor-filosofos/ monitor.txt        
]0;eduardo@eduardo-VirtualBox: ~/prpa[01;32meduardo@eduardo-VirtualBox[00m:[01;34m~/prpa[00m$ cp filosofos/monitor.py monitor-filosofos/
]0;eduardo@eduardo-VirtualBox: ~/prpa[01;32meduardo@eduardo-VirtualBox[00m:[01;34m~/prpa[00m$ cd monitor-filosofos/
]0;eduardo@eduardo-VirtualBox: ~/prpa/monitor-filosofos[01;32meduardo@eduardo-VirtualBox[00m:[01;34m~/prpa/monitor-filosofos[00m$ git status
On branch master
Your branch is up to date with 'origin/master'.

Untracked files:
  (use "git add <file>..." to include in what will be committed)
	[31mmonitor.py[m

nothing added to commit but untracked files present (use "git add" to track)
]0;eduardo@eduardo-VirtualBox: ~/prpa/monitor-filosofos[01;32meduardo@eduardo-VirtualBox[00m:[01;34m~/prpa/monitor-filosofos[00m$ git add .
]0;eduardo@eduardo-VirtualBox: ~/prpa/monitor-filosofos[01;32meduardo@eduardo-VirtualBox[00m:[01;34m~/prpa/monitor-filosofos[00m$ git commit -m ""m"o"n"i"t"o"r"
[master 58523a6] monitor
 1 file changed, 92 insertions(+)
 create mode 100644 monitor.py
]0;eduardo@eduardo-VirtualBox: ~/prpa/monitor-filosofos[01;32meduardo@eduardo-VirtualBox[00m:[01;34m~/prpa/monitor-filosofos[00m$ git push origin master
Enumerating objects: 4, done.
Counting objects:  25% (1/4)Counting objects:  50% (2/4)Counting objects:  75% (3/4)Counting objects: 100% (4/4)Counting objects: 100% (4/4), done.
Compressing objects:  33% (1/3)Compressing objects:  66% (2/3)Compressing objects: 100% (3/3)Compressing objects: 100% (3/3), done.
Writing objects:  33% (1/3)Writing objects:  66% (2/3)Writing objects: 100% (3/3)Writing objects: 100% (3/3), 794 bytes | 794.00 KiB/s, done.
Total 3 (delta 1), reused 0 (delta 0)
remote: Resolving deltas:   0% (0/1)[Kremote: Resolving deltas: 100% (1/1)[Kremote: Resolving deltas: 100% (1/1), completed with 1 local object.[K
To github.com:edugarza/monitor-filosofos.git
   a91d98e..58523a6  master -> master
]0;eduardo@eduardo-VirtualBox: ~/prpa/monitor-filosofos[01;32meduardo@eduardo-VirtualBox[00m:[01;34m~/prpa/monitor-filosofos[00m$ exit
exit

Script done on 2022-03-16 08:09:04+01:00 [COMMAND_EXIT_CODE="0"]
